[    2874ms] [INFO] %cDownload the React DevTools for a better development experience: https://react.dev/link/react-devtools font-weight:bold @ http://localhost:3000/_next/static/chunks/0484_next_dist_0_l-60x._.js:776
[    2885ms] [LOG] [HMR] connected @ http://localhost:3000/_next/static/chunks/0484_next_dist_0_l-60x._.js:776
[   48603ms] [LOG] [Fast Refresh] rebuilding @ http://localhost:3000/_next/static/chunks/0484_next_dist_0_l-60x._.js:776
[   49148ms] [ERROR] ./src/app/panel/(dashboard)/page.tsx:8:1
Error: Merge conflict marker encountered.
   6 | import { RescheduleCalendar } from "@/components/reschedule-calendar";
   7 | import { StatusBadge } from "@/components/status-badge";
>  8 | >>>>>>> origin/main
     | ^^^^^^^
   9 | import {
  10 |   type Appointment,
  11 |   getAppointmentsForPractitioner,

Parsing ecmascript source code failed @ http://localhost:3000/_next/static/chunks/0484_next_dist_0_l-60x._.js:1052
[   49667ms] [ERROR] ./src/app/panel/(dashboard)/page.tsx:8:1
Error: Merge conflict marker encountered.
   6 | import { RescheduleCalendar } from "@/components/reschedule-calendar";
   7 | import { StatusBadge } from "@/components/status-badge";
>  8 | >>>>>>> origin/main
     | ^^^^^^^
   9 | import {
  10 |   type Appointment,
  11 |   getAppointmentsForPractitioner,

Parsing ecmascript source code failed @ http://localhost:3000/_next/static/chunks/0484_next_dist_0_l-60x._.js:1052
[   51660ms] [ERROR] ./src/app/panel/(dashboard)/page.tsx:8:1
Error: Merge conflict marker encountered.
   6 | import { RescheduleCalendar } from "@/components/reschedule-calendar";
   7 | import { StatusBadge } from "@/components/status-badge";
>  8 | >>>>>>> origin/main
     | ^^^^^^^
   9 | import {
  10 |   type Appointment,
  11 |   getAppointmentsForPractitioner,

Parsing ecmascript source code failed @ http://localhost:3000/_next/static/chunks/0484_next_dist_0_l-60x._.js:1052
[   53660ms] [ERROR] ./src/app/panel/(dashboard)/page.tsx:8:1
Error: Merge conflict marker encountered.
   6 | import { RescheduleCalendar } from "@/components/reschedule-calendar";
   7 | import { StatusBadge } from "@/components/status-badge";
>  8 | >>>>>>> origin/main
     | ^^^^^^^
   9 | import {
  10 |   type Appointment,
  11 |   getAppointmentsForPractitioner,

Parsing ecmascript source code failed @ http://localhost:3000/_next/static/chunks/0484_next_dist_0_l-60x._.js:1052
[   55661ms] [ERROR] ./src/app/panel/(dashboard)/page.tsx:8:1
Error: Merge conflict marker encountered.
   6 | import { RescheduleCalendar } from "@/components/reschedule-calendar";
   7 | import { StatusBadge } from "@/components/status-badge";
>  8 | >>>>>>> origin/main
     | ^^^^^^^
   9 | import {
  10 |   type Appointment,
  11 |   getAppointmentsForPractitioner,

Parsing ecmascript source code failed @ http://localhost:3000/_next/static/chunks/0484_next_dist_0_l-60x._.js:1052
[   57663ms] [ERROR] ./src/app/panel/(dashboard)/page.tsx:8:1
Error: Merge conflict marker encountered.
   6 | import { RescheduleCalendar } from "@/components/reschedule-calendar";
   7 | import { StatusBadge } from "@/components/status-badge";
>  8 | >>>>>>> origin/main
     | ^^^^^^^
   9 | import {
  10 |   type Appointment,
  11 |   getAppointmentsForPractitioner,

Parsing ecmascript source code failed @ http://localhost:3000/_next/static/chunks/0484_next_dist_0_l-60x._.js:1052
[   59662ms] [ERROR] ./src/app/panel/(dashboard)/page.tsx:8:1
Error: Merge conflict marker encountered.
   6 | import { RescheduleCalendar } from "@/components/reschedule-calendar";
   7 | import { StatusBadge } from "@/components/status-badge";
>  8 | >>>>>>> origin/main
     | ^^^^^^^
   9 | import {
  10 |   type Appointment,
  11 |   getAppointmentsForPractitioner,

Parsing ecmascript source code failed @ http://localhost:3000/_next/static/chunks/0484_next_dist_0_l-60x._.js:1052
[   61665ms] [ERROR] ./src/app/panel/(dashboard)/page.tsx:8:1
Error: Merge conflict marker encountered.
   6 | import { RescheduleCalendar } from "@/components/reschedule-calendar";
   7 | import { StatusBadge } from "@/components/status-badge";
>  8 | >>>>>>> origin/main
     | ^^^^^^^
   9 | import {
  10 |   type Appointment,
  11 |   getAppointmentsForPractitioner,

Parsing ecmascript source code failed @ http://localhost:3000/_next/static/chunks/0484_next_dist_0_l-60x._.js:1052
[   63747ms] [ERROR] ./src/app/panel/(dashboard)/page.tsx:8:1
Error: Merge conflict marker encountered.
   6 | import { RescheduleCalendar } from "@/components/reschedule-calendar";
   7 | import { StatusBadge } from "@/components/status-badge";
>  8 | >>>>>>> origin/main
     | ^^^^^^^
   9 | import {
  10 |   type Appointment,
  11 |   getAppointmentsForPractitioner,

Parsing ecmascript source code failed @ http://localhost:3000/_next/static/chunks/0484_next_dist_0_l-60x._.js:1052
[   65677ms] [ERROR] ./src/app/panel/(dashboard)/page.tsx:8:1
Error: Merge conflict marker encountered.
   6 | import { RescheduleCalendar } from "@/components/reschedule-calendar";
   7 | import { StatusBadge } from "@/components/status-badge";
>  8 | >>>>>>> origin/main
     | ^^^^^^^
   9 | import {
  10 |   type Appointment,
  11 |   getAppointmentsForPractitioner,

Parsing ecmascript source code failed @ http://localhost:3000/_next/static/chunks/0484_next_dist_0_l-60x._.js:1052
[   67664ms] [ERROR] ./src/app/panel/(dashboard)/page.tsx:8:1
Error: Merge conflict marker encountered.
   6 | import { RescheduleCalendar } from "@/components/reschedule-calendar";
   7 | import { StatusBadge } from "@/components/status-badge";
>  8 | >>>>>>> origin/main
     | ^^^^^^^
   9 | import {
  10 |   type Appointment,
  11 |   getAppointmentsForPractitioner,

Parsing ecmascript source code failed @ http://localhost:3000/_next/static/chunks/0484_next_dist_0_l-60x._.js:1052
[   69742ms] [ERROR] ./src/app/panel/(dashboard)/page.tsx:8:1
Error: Merge conflict marker encountered.
   6 | import { RescheduleCalendar } from "@/components/reschedule-calendar";
   7 | import { StatusBadge } from "@/components/status-badge";
>  8 | >>>>>>> origin/main
     | ^^^^^^^
   9 | import {
  10 |   type Appointment,
  11 |   getAppointmentsForPractitioner,

Parsing ecmascript source code failed @ http://localhost:3000/_next/static/chunks/0484_next_dist_0_l-60x._.js:1052
[   71670ms] [ERROR] ./src/app/panel/(dashboard)/page.tsx:8:1
Error: Merge conflict marker encountered.
   6 | import { RescheduleCalendar } from "@/components/reschedule-calendar";
   7 | import { StatusBadge } from "@/components/status-badge";
>  8 | >>>>>>> origin/main
     | ^^^^^^^
   9 | import {
  10 |   type Appointment,
  11 |   getAppointmentsForPractitioner,

Parsing ecmascript source code failed @ http://localhost:3000/_next/static/chunks/0484_next_dist_0_l-60x._.js:1052
[   73673ms] [ERROR] ./src/app/panel/(dashboard)/page.tsx:8:1
Error: Merge conflict marker encountered.
   6 | import { RescheduleCalendar } from "@/components/reschedule-calendar";
   7 | import { StatusBadge } from "@/components/status-badge";
>  8 | >>>>>>> origin/main
     | ^^^^^^^
   9 | import {
  10 |   type Appointment,
  11 |   getAppointmentsForPractitioner,

Parsing ecmascript source code failed @ http://localhost:3000/_next/static/chunks/0484_next_dist_0_l-60x._.js:1052
[   75668ms] [ERROR] ./src/app/panel/(dashboard)/page.tsx:8:1
Error: Merge conflict marker encountered.
   6 | import { RescheduleCalendar } from "@/components/reschedule-calendar";
   7 | import { StatusBadge } from "@/components/status-badge";
>  8 | >>>>>>> origin/main
     | ^^^^^^^
   9 | import {
  10 |   type Appointment,
  11 |   getAppointmentsForPractitioner,

Parsing ecmascript source code failed @ http://localhost:3000/_next/static/chunks/0484_next_dist_0_l-60x._.js:1052
[   77669ms] [ERROR] ./src/app/panel/(dashboard)/page.tsx:8:1
Error: Merge conflict marker encountered.
   6 | import { RescheduleCalendar } from "@/components/reschedule-calendar";
   7 | import { StatusBadge } from "@/components/status-badge";
>  8 | >>>>>>> origin/main
     | ^^^^^^^
   9 | import {
  10 |   type Appointment,
  11 |   getAppointmentsForPractitioner,

Parsing ecmascript source code failed @ http://localhost:3000/_next/static/chunks/0484_next_dist_0_l-60x._.js:1052
[   79667ms] [ERROR] ./src/app/panel/(dashboard)/page.tsx:8:1
Error: Merge conflict marker encountered.
   6 | import { RescheduleCalendar } from "@/components/reschedule-calendar";
   7 | import { StatusBadge } from "@/components/status-badge";
>  8 | >>>>>>> origin/main
     | ^^^^^^^
   9 | import {
  10 |   type Appointment,
  11 |   getAppointmentsForPractitioner,

Parsing ecmascript source code failed @ http://localhost:3000/_next/static/chunks/0484_next_dist_0_l-60x._.js:1052
[   80831ms] [LOG] [Fast Refresh] rebuilding @ http://localhost:3000/_next/static/chunks/0484_next_dist_0_l-60x._.js:776
[   80929ms] [LOG] [Fast Refresh] done in 197ms @ http://localhost:3000/_next/static/chunks/0484_next_dist_0_l-60x._.js:776
[   81152ms] [LOG] [Fast Refresh] done in 197ms @ http://localhost:3000/_next/static/chunks/0484_next_dist_0_l-60x._.js:776
[   81396ms] [LOG] [Fast Refresh] done in 197ms @ http://localhost:3000/_next/static/chunks/0484_next_dist_0_l-60x._.js:776
[   81484ms] [LOG] [Fast Refresh] done in 197ms @ http://localhost:3000/_next/static/chunks/0484_next_dist_0_l-60x._.js:776
[   81795ms] [LOG] [Fast Refresh] done in 197ms @ http://localhost:3000/_next/static/chunks/0484_next_dist_0_l-60x._.js:776
[   82484ms] [LOG] [Fast Refresh] done in 197ms @ http://localhost:3000/_next/static/chunks/0484_next_dist_0_l-60x._.js:776
[   82549ms] [LOG] [Fast Refresh] done in 197ms @ http://localhost:3000/_next/static/chunks/0484_next_dist_0_l-60x._.js:776
[   83662ms] [LOG] [Fast Refresh] done in 197ms @ http://localhost:3000/_next/static/chunks/0484_next_dist_0_l-60x._.js:776
[   85663ms] [LOG] [Fast Refresh] done in 197ms @ http://localhost:3000/_next/static/chunks/0484_next_dist_0_l-60x._.js:776
[   87660ms] [LOG] [Fast Refresh] done in 197ms @ http://localhost:3000/_next/static/chunks/0484_next_dist_0_l-60x._.js:776
[   89661ms] [LOG] [Fast Refresh] done in 197ms @ http://localhost:3000/_next/static/chunks/0484_next_dist_0_l-60x._.js:776
[   91662ms] [LOG] [Fast Refresh] done in 197ms @ http://localhost:3000/_next/static/chunks/0484_next_dist_0_l-60x._.js:776
[   93659ms] [LOG] [Fast Refresh] done in 197ms @ http://localhost:3000/_next/static/chunks/0484_next_dist_0_l-60x._.js:776
[   95678ms] [LOG] [Fast Refresh] done in 197ms @ http://localhost:3000/_next/static/chunks/0484_next_dist_0_l-60x._.js:776
[   97663ms] [LOG] [Fast Refresh] done in 197ms @ http://localhost:3000/_next/static/chunks/0484_next_dist_0_l-60x._.js:776
[   99662ms] [LOG] [Fast Refresh] done in 197ms @ http://localhost:3000/_next/static/chunks/0484_next_dist_0_l-60x._.js:776
[  101656ms] [LOG] [Fast Refresh] done in 197ms @ http://localhost:3000/_next/static/chunks/0484_next_dist_0_l-60x._.js:776
[  103657ms] [LOG] [Fast Refresh] done in 197ms @ http://localhost:3000/_next/static/chunks/0484_next_dist_0_l-60x._.js:776
[  105663ms] [LOG] [Fast Refresh] done in 197ms @ http://localhost:3000/_next/static/chunks/0484_next_dist_0_l-60x._.js:776
[  107658ms] [LOG] [Fast Refresh] done in 197ms @ http://localhost:3000/_next/static/chunks/0484_next_dist_0_l-60x._.js:776
[  109660ms] [LOG] [Fast Refresh] done in 197ms @ http://localhost:3000/_next/static/chunks/0484_next_dist_0_l-60x._.js:776
[  111659ms] [LOG] [Fast Refresh] done in 197ms @ http://localhost:3000/_next/static/chunks/0484_next_dist_0_l-60x._.js:776
[  113660ms] [LOG] [Fast Refresh] done in 197ms @ http://localhost:3000/_next/static/chunks/0484_next_dist_0_l-60x._.js:776
[  115658ms] [LOG] [Fast Refresh] done in 197ms @ http://localhost:3000/_next/static/chunks/0484_next_dist_0_l-60x._.js:776
[  117660ms] [LOG] [Fast Refresh] done in 197ms @ http://localhost:3000/_next/static/chunks/0484_next_dist_0_l-60x._.js:776
[  119679ms] [LOG] [Fast Refresh] done in 197ms @ http://localhost:3000/_next/static/chunks/0484_next_dist_0_l-60x._.js:776
[  121662ms] [LOG] [Fast Refresh] done in 197ms @ http://localhost:3000/_next/static/chunks/0484_next_dist_0_l-60x._.js:776
[  123660ms] [LOG] [Fast Refresh] done in 197ms @ http://localhost:3000/_next/static/chunks/0484_next_dist_0_l-60x._.js:776
[  125664ms] [LOG] [Fast Refresh] done in 197ms @ http://localhost:3000/_next/static/chunks/0484_next_dist_0_l-60x._.js:776
[  127660ms] [LOG] [Fast Refresh] done in 197ms @ http://localhost:3000/_next/static/chunks/0484_next_dist_0_l-60x._.js:776
[  129663ms] [LOG] [Fast Refresh] done in 197ms @ http://localhost:3000/_next/static/chunks/0484_next_dist_0_l-60x._.js:776
[  131661ms] [LOG] [Fast Refresh] done in 197ms @ http://localhost:3000/_next/static/chunks/0484_next_dist_0_l-60x._.js:776
[  133723ms] [LOG] [Fast Refresh] done in 197ms @ http://localhost:3000/_next/static/chunks/0484_next_dist_0_l-60x._.js:776
[  135672ms] [LOG] [Fast Refresh] done in 197ms @ http://localhost:3000/_next/static/chunks/0484_next_dist_0_l-60x._.js:776
[  137676ms] [LOG] [Fast Refresh] done in 197ms @ http://localhost:3000/_next/static/chunks/0484_next_dist_0_l-60x._.js:776
[  139679ms] [LOG] [Fast Refresh] done in 197ms @ http://localhost:3000/_next/static/chunks/0484_next_dist_0_l-60x._.js:776
[  141663ms] [LOG] [Fast Refresh] done in 197ms @ http://localhost:3000/_next/static/chunks/0484_next_dist_0_l-60x._.js:776
[  143659ms] [LOG] [Fast Refresh] done in 197ms @ http://localhost:3000/_next/static/chunks/0484_next_dist_0_l-60x._.js:776
[  145657ms] [LOG] [Fast Refresh] done in 197ms @ http://localhost:3000/_next/static/chunks/0484_next_dist_0_l-60x._.js:776
[  147664ms] [LOG] [Fast Refresh] done in 197ms @ http://localhost:3000/_next/static/chunks/0484_next_dist_0_l-60x._.js:776
[  149662ms] [LOG] [Fast Refresh] done in 197ms @ http://localhost:3000/_next/static/chunks/0484_next_dist_0_l-60x._.js:776
[  151661ms] [LOG] [Fast Refresh] done in 197ms @ http://localhost:3000/_next/static/chunks/0484_next_dist_0_l-60x._.js:776
[  153658ms] [LOG] [Fast Refresh] done in 197ms @ http://localhost:3000/_next/static/chunks/0484_next_dist_0_l-60x._.js:776
[  155658ms] [LOG] [Fast Refresh] done in 197ms @ http://localhost:3000/_next/static/chunks/0484_next_dist_0_l-60x._.js:776
[  157661ms] [LOG] [Fast Refresh] done in 197ms @ http://localhost:3000/_next/static/chunks/0484_next_dist_0_l-60x._.js:776
[  159664ms] [LOG] [Fast Refresh] done in 197ms @ http://localhost:3000/_next/static/chunks/0484_next_dist_0_l-60x._.js:776
[  161661ms] [LOG] [Fast Refresh] done in 197ms @ http://localhost:3000/_next/static/chunks/0484_next_dist_0_l-60x._.js:776
[  163660ms] [LOG] [Fast Refresh] done in 197ms @ http://localhost:3000/_next/static/chunks/0484_next_dist_0_l-60x._.js:776
[  165660ms] [LOG] [Fast Refresh] done in 197ms @ http://localhost:3000/_next/static/chunks/0484_next_dist_0_l-60x._.js:776
[  167660ms] [LOG] [Fast Refresh] done in 197ms @ http://localhost:3000/_next/static/chunks/0484_next_dist_0_l-60x._.js:776
[  169657ms] [LOG] [Fast Refresh] done in 197ms @ http://localhost:3000/_next/static/chunks/0484_next_dist_0_l-60x._.js:776
[  171661ms] [LOG] [Fast Refresh] done in 197ms @ http://localhost:3000/_next/static/chunks/0484_next_dist_0_l-60x._.js:776
[  173660ms] [LOG] [Fast Refresh] done in 197ms @ http://localhost:3000/_next/static/chunks/0484_next_dist_0_l-60x._.js:776
[  175664ms] [LOG] [Fast Refresh] done in 197ms @ http://localhost:3000/_next/static/chunks/0484_next_dist_0_l-60x._.js:776
[  177663ms] [LOG] [Fast Refresh] done in 197ms @ http://localhost:3000/_next/static/chunks/0484_next_dist_0_l-60x._.js:776
[  179671ms] [LOG] [Fast Refresh] done in 197ms @ http://localhost:3000/_next/static/chunks/0484_next_dist_0_l-60x._.js:776
[  181667ms] [LOG] [Fast Refresh] done in 197ms @ http://localhost:3000/_next/static/chunks/0484_next_dist_0_l-60x._.js:776
[  181745ms] [LOG] [Fast Refresh] done in 197ms @ http://localhost:3000/_next/static/chunks/0484_next_dist_0_l-60x._.js:776
[  183677ms] [LOG] [Fast Refresh] done in 197ms @ http://localhost:3000/_next/static/chunks/0484_next_dist_0_l-60x._.js:776
[  185663ms] [LOG] [Fast Refresh] done in 197ms @ http://localhost:3000/_next/static/chunks/0484_next_dist_0_l-60x._.js:776
[  187658ms] [LOG] [Fast Refresh] done in 197ms @ http://localhost:3000/_next/static/chunks/0484_next_dist_0_l-60x._.js:776
[  189664ms] [LOG] [Fast Refresh] done in 197ms @ http://localhost:3000/_next/static/chunks/0484_next_dist_0_l-60x._.js:776
[  191661ms] [LOG] [Fast Refresh] done in 197ms @ http://localhost:3000/_next/static/chunks/0484_next_dist_0_l-60x._.js:776
[  193662ms] [LOG] [Fast Refresh] done in 197ms @ http://localhost:3000/_next/static/chunks/0484_next_dist_0_l-60x._.js:776
[  195662ms] [LOG] [Fast Refresh] done in 197ms @ http://localhost:3000/_next/static/chunks/0484_next_dist_0_l-60x._.js:776
[  197658ms] [LOG] [Fast Refresh] done in 197ms @ http://localhost:3000/_next/static/chunks/0484_next_dist_0_l-60x._.js:776
[  199664ms] [LOG] [Fast Refresh] done in 197ms @ http://localhost:3000/_next/static/chunks/0484_next_dist_0_l-60x._.js:776
[  201663ms] [LOG] [Fast Refresh] done in 197ms @ http://localhost:3000/_next/static/chunks/0484_next_dist_0_l-60x._.js:776
[  203659ms] [LOG] [Fast Refresh] done in 197ms @ http://localhost:3000/_next/static/chunks/0484_next_dist_0_l-60x._.js:776
[  205659ms] [LOG] [Fast Refresh] done in 197ms @ http://localhost:3000/_next/static/chunks/0484_next_dist_0_l-60x._.js:776
[  207661ms] [LOG] [Fast Refresh] done in 197ms @ http://localhost:3000/_next/static/chunks/0484_next_dist_0_l-60x._.js:776
[  209660ms] [LOG] [Fast Refresh] done in 197ms @ http://localhost:3000/_next/static/chunks/0484_next_dist_0_l-60x._.js:776
[  211665ms] [LOG] [Fast Refresh] done in 197ms @ http://localhost:3000/_next/static/chunks/0484_next_dist_0_l-60x._.js:776
[  213661ms] [LOG] [Fast Refresh] done in 197ms @ http://localhost:3000/_next/static/chunks/0484_next_dist_0_l-60x._.js:776
[  215666ms] [LOG] [Fast Refresh] done in 197ms @ http://localhost:3000/_next/static/chunks/0484_next_dist_0_l-60x._.js:776
[  217659ms] [LOG] [Fast Refresh] done in 197ms @ http://localhost:3000/_next/static/chunks/0484_next_dist_0_l-60x._.js:776
[  219661ms] [LOG] [Fast Refresh] done in 197ms @ http://localhost:3000/_next/static/chunks/0484_next_dist_0_l-60x._.js:776
[  221663ms] [LOG] [Fast Refresh] done in 197ms @ http://localhost:3000/_next/static/chunks/0484_next_dist_0_l-60x._.js:776
[  223662ms] [LOG] [Fast Refresh] done in 197ms @ http://localhost:3000/_next/static/chunks/0484_next_dist_0_l-60x._.js:776
[  225664ms] [LOG] [Fast Refresh] done in 197ms @ http://localhost:3000/_next/static/chunks/0484_next_dist_0_l-60x._.js:776
[  227720ms] [LOG] [Fast Refresh] done in 197ms @ http://localhost:3000/_next/static/chunks/0484_next_dist_0_l-60x._.js:776
[  229661ms] [LOG] [Fast Refresh] done in 197ms @ http://localhost:3000/_next/static/chunks/0484_next_dist_0_l-60x._.js:776
[  231661ms] [LOG] [Fast Refresh] done in 197ms @ http://localhost:3000/_next/static/chunks/0484_next_dist_0_l-60x._.js:776
[  233657ms] [LOG] [Fast Refresh] done in 197ms @ http://localhost:3000/_next/static/chunks/0484_next_dist_0_l-60x._.js:776
[  234993ms] [ERROR] ./src/components/slot-picker.tsx:494:4
Error: Expression expected
  492 |             </div>
  493 |           </div>
> 494 | <<<<<<< HEAD
      |    ^^
  495 | =======
  496 |
  497 |           {/* times for the selected day */}

Parsing ecmascript source code failed

Import traces:
  Client Component Browser:
    ./src/components/slot-picker.tsx [Client Component Browser]
    ./src/app/book/BookingFlow.tsx [Client Component Browser]
    ./src/app/book/BookingFlow.tsx [Server Component]
    ./src/app/book/page.tsx [Server Component]

  Client Component SSR:
    ./src/components/slot-picker.tsx [Client Component SSR]
    ./src/app/book/BookingFlow.tsx [Client Component SSR]
    ./src/app/book/BookingFlow.tsx [Server Component]
    ./src/app/book/page.tsx [Server Component] @ http://localhost:3000/_next/static/chunks/0484_next_dist_0_l-60x._.js:1052
[  235044ms] [LOG] [Fast Refresh] rebuilding @ http://localhost:3000/_next/static/chunks/0484_next_dist_0_l-60x._.js:776
[  235667ms] [ERROR] ./src/components/slot-picker.tsx:494:4
Error: Expression expected
  492 |             </div>
  493 |           </div>
> 494 | <<<<<<< HEAD
      |    ^^
  495 | =======
  496 |
  497 |           {/* times for the selected day */}

Parsing ecmascript source code failed

Import traces:
  Client Component Browser:
    ./src/components/slot-picker.tsx [Client Component Browser]
    ./src/app/book/BookingFlow.tsx [Client Component Browser]
    ./src/app/book/BookingFlow.tsx [Server Component]
    ./src/app/book/page.tsx [Server Component]

  Client Component SSR:
    ./src/components/slot-picker.tsx [Client Component SSR]
    ./src/app/book/BookingFlow.tsx [Client Component SSR]
    ./src/app/book/BookingFlow.tsx [Server Component]
    ./src/app/book/page.tsx [Server Component] @ http://localhost:3000/_next/static/chunks/0484_next_dist_0_l-60x._.js:1052
[  237703ms] [ERROR] ./src/components/slot-picker.tsx:494:4
Error: Expression expected
  492 |             </div>
  493 |           </div>
> 494 | <<<<<<< HEAD
      |    ^^
  495 | =======
  496 |
  497 |           {/* times for the selected day */}

Parsing ecmascript source code failed

Import traces:
  Client Component Browser:
    ./src/components/slot-picker.tsx [Client Component Browser]
    ./src/app/book/BookingFlow.tsx [Client Component Browser]
    ./src/app/book/BookingFlow.tsx [Server Component]
    ./src/app/book/page.tsx [Server Component]

  Client Component SSR:
    ./src/components/slot-picker.tsx [Client Component SSR]
    ./src/app/book/BookingFlow.tsx [Client Component SSR]
    ./src/app/book/BookingFlow.tsx [Server Component]
    ./src/app/book/page.tsx [Server Component] @ http://localhost:3000/_next/static/chunks/0484_next_dist_0_l-60x._.js:1052
[  239661ms] [ERROR] ./src/components/slot-picker.tsx:494:4
Error: Expression expected
  492 |             </div>
  493 |           </div>
> 494 | <<<<<<< HEAD
      |    ^^
  495 | =======
  496 |
  497 |           {/* times for the selected day */}

Parsing ecmascript source code failed

Import traces:
  Client Component Browser:
    ./src/components/slot-picker.tsx [Client Component Browser]
    ./src/app/book/BookingFlow.tsx [Client Component Browser]
    ./src/app/book/BookingFlow.tsx [Server Component]
    ./src/app/book/page.tsx [Server Component]

  Client Component SSR:
    ./src/components/slot-picker.tsx [Client Component SSR]
    ./src/app/book/BookingFlow.tsx [Client Component SSR]
    ./src/app/book/BookingFlow.tsx [Server Component]
    ./src/app/book/page.tsx [Server Component] @ http://localhost:3000/_next/static/chunks/0484_next_dist_0_l-60x._.js:1052
[  241661ms] [ERROR] ./src/components/slot-picker.tsx:494:4
Error: Expression expected
  492 |             </div>
  493 |           </div>
> 494 | <<<<<<< HEAD
      |    ^^
  495 | =======
  496 |
  497 |           {/* times for the selected day */}

Parsing ecmascript source code failed

Import traces:
  Client Component Browser:
    ./src/components/slot-picker.tsx [Client Component Browser]
    ./src/app/book/BookingFlow.tsx [Client Component Browser]
    ./src/app/book/BookingFlow.tsx [Server Component]
    ./src/app/book/page.tsx [Server Component]

  Client Component SSR:
    ./src/components/slot-picker.tsx [Client Component SSR]
    ./src/app/book/BookingFlow.tsx [Client Component SSR]
    ./src/app/book/BookingFlow.tsx [Server Component]
    ./src/app/book/page.tsx [Server Component] @ http://localhost:3000/_next/static/chunks/0484_next_dist_0_l-60x._.js:1052
[  243660ms] [ERROR] ./src/components/slot-picker.tsx:494:4
Error: Expression expected
  492 |             </div>
  493 |           </div>
> 494 | <<<<<<< HEAD
      |    ^^
  495 | =======
  496 |
  497 |           {/* times for the selected day */}

Parsing ecmascript source code failed

Import traces:
  Client Component Browser:
    ./src/components/slot-picker.tsx [Client Component Browser]
    ./src/app/book/BookingFlow.tsx [Client Component Browser]
    ./src/app/book/BookingFlow.tsx [Server Component]
    ./src/app/book/page.tsx [Server Component]

  Client Component SSR:
    ./src/components/slot-picker.tsx [Client Component SSR]
    ./src/app/book/BookingFlow.tsx [Client Component SSR]
    ./src/app/book/BookingFlow.tsx [Server Component]
    ./src/app/book/page.tsx [Server Component] @ http://localhost:3000/_next/static/chunks/0484_next_dist_0_l-60x._.js:1052
[  245662ms] [ERROR] ./src/components/slot-picker.tsx:494:4
Error: Expression expected
  492 |             </div>
  493 |           </div>
> 494 | <<<<<<< HEAD
      |    ^^
  495 | =======
  496 |
  497 |           {/* times for the selected day */}

Parsing ecmascript source code failed

Import traces:
  Client Component Browser:
    ./src/components/slot-picker.tsx [Client Component Browser]
    ./src/app/book/BookingFlow.tsx [Client Component Browser]
    ./src/app/book/BookingFlow.tsx [Server Component]
    ./src/app/book/page.tsx [Server Component]

  Client Component SSR:
    ./src/components/slot-picker.tsx [Client Component SSR]
    ./src/app/book/BookingFlow.tsx [Client Component SSR]
    ./src/app/book/BookingFlow.tsx [Server Component]
    ./src/app/book/page.tsx [Server Component] @ http://localhost:3000/_next/static/chunks/0484_next_dist_0_l-60x._.js:1052
[  247657ms] [ERROR] ./src/components/slot-picker.tsx:494:4
Error: Expression expected
  492 |             </div>
  493 |           </div>
> 494 | <<<<<<< HEAD
      |    ^^
  495 | =======
  496 |
  497 |           {/* times for the selected day */}

Parsing ecmascript source code failed

Import traces:
  Client Component Browser:
    ./src/components/slot-picker.tsx [Client Component Browser]
    ./src/app/book/BookingFlow.tsx [Client Component Browser]
    ./src/app/book/BookingFlow.tsx [Server Component]
    ./src/app/book/page.tsx [Server Component]

  Client Component SSR:
    ./src/components/slot-picker.tsx [Client Component SSR]
    ./src/app/book/BookingFlow.tsx [Client Component SSR]
    ./src/app/book/BookingFlow.tsx [Server Component]
    ./src/app/book/page.tsx [Server Component] @ http://localhost:3000/_next/static/chunks/0484_next_dist_0_l-60x._.js:1052
[  249659ms] [ERROR] ./src/components/slot-picker.tsx:494:4
Error: Expression expected
  492 |             </div>
  493 |           </div>
> 494 | <<<<<<< HEAD
      |    ^^
  495 | =======
  496 |
  497 |           {/* times for the selected day */}

Parsing ecmascript source code failed

Import traces:
  Client Component Browser:
    ./src/components/slot-picker.tsx [Client Component Browser]
    ./src/app/book/BookingFlow.tsx [Client Component Browser]
    ./src/app/book/BookingFlow.tsx [Server Component]
    ./src/app/book/page.tsx [Server Component]

  Client Component SSR:
    ./src/components/slot-picker.tsx [Client Component SSR]
    ./src/app/book/BookingFlow.tsx [Client Component SSR]
    ./src/app/book/BookingFlow.tsx [Server Component]
    ./src/app/book/page.tsx [Server Component] @ http://localhost:3000/_next/static/chunks/0484_next_dist_0_l-60x._.js:1052
[  251660ms] [ERROR] ./src/components/slot-picker.tsx:494:4
Error: Expression expected
  492 |             </div>
  493 |           </div>
> 494 | <<<<<<< HEAD
      |    ^^
  495 | =======
  496 |
  497 |           {/* times for the selected day */}

Parsing ecmascript source code failed

Import traces:
  Client Component Browser:
    ./src/components/slot-picker.tsx [Client Component Browser]
    ./src/app/book/BookingFlow.tsx [Client Component Browser]
    ./src/app/book/BookingFlow.tsx [Server Component]
    ./src/app/book/page.tsx [Server Component]

  Client Component SSR:
    ./src/components/slot-picker.tsx [Client Component SSR]
    ./src/app/book/BookingFlow.tsx [Client Component SSR]
    ./src/app/book/BookingFlow.tsx [Server Component]
    ./src/app/book/page.tsx [Server Component] @ http://localhost:3000/_next/static/chunks/0484_next_dist_0_l-60x._.js:1052
[  253663ms] [ERROR] ./src/components/slot-picker.tsx:494:4
Error: Expression expected
  492 |             </div>
  493 |           </div>
> 494 | <<<<<<< HEAD
      |    ^^
  495 | =======
  496 |
  497 |           {/* times for the selected day */}

Parsing ecmascript source code failed

Import traces:
  Client Component Browser:
    ./src/components/slot-picker.tsx [Client Component Browser]
    ./src/app/book/BookingFlow.tsx [Client Component Browser]
    ./src/app/book/BookingFlow.tsx [Server Component]
    ./src/app/book/page.tsx [Server Component]

  Client Component SSR:
    ./src/components/slot-picker.tsx [Client Component SSR]
    ./src/app/book/BookingFlow.tsx [Client Component SSR]
    ./src/app/book/BookingFlow.tsx [Server Component]
    ./src/app/book/page.tsx [Server Component] @ http://localhost:3000/_next/static/chunks/0484_next_dist_0_l-60x._.js:1052
[  255671ms] [ERROR] ./src/components/slot-picker.tsx:494:4
Error: Expression expected
  492 |             </div>
  493 |           </div>
> 494 | <<<<<<< HEAD
      |    ^^
  495 | =======
  496 |
  497 |           {/* times for the selected day */}

Parsing ecmascript source code failed

Import traces:
  Client Component Browser:
    ./src/components/slot-picker.tsx [Client Component Browser]
    ./src/app/book/BookingFlow.tsx [Client Component Browser]
    ./src/app/book/BookingFlow.tsx [Server Component]
    ./src/app/book/page.tsx [Server Component]

  Client Component SSR:
    ./src/components/slot-picker.tsx [Client Component SSR]
    ./src/app/book/BookingFlow.tsx [Client Component SSR]
    ./src/app/book/BookingFlow.tsx [Server Component]
    ./src/app/book/page.tsx [Server Component] @ http://localhost:3000/_next/static/chunks/0484_next_dist_0_l-60x._.js:1052
[  257667ms] [ERROR] ./src/components/slot-picker.tsx:494:4
Error: Expression expected
  492 |             </div>
  493 |           </div>
> 494 | <<<<<<< HEAD
      |    ^^
  495 | =======
  496 |
  497 |           {/* times for the selected day */}

Parsing ecmascript source code failed

Import traces:
  Client Component Browser:
    ./src/components/slot-picker.tsx [Client Component Browser]
    ./src/app/book/BookingFlow.tsx [Client Component Browser]
    ./src/app/book/BookingFlow.tsx [Server Component]
    ./src/app/book/page.tsx [Server Component]

  Client Component SSR:
    ./src/components/slot-picker.tsx [Client Component SSR]
    ./src/app/book/BookingFlow.tsx [Client Component SSR]
    ./src/app/book/BookingFlow.tsx [Server Component]
    ./src/app/book/page.tsx [Server Component] @ http://localhost:3000/_next/static/chunks/0484_next_dist_0_l-60x._.js:1052
[  259074ms] [ERROR] ./src/components/slot-picker.tsx:495:4
Error: Expression expected
  493 |             </div>
  494 |           </div>
> 495 | <<<<<<< HEAD
      |    ^^
  496 | =======
  497 |
  498 |           {/* times for the selected day */}

Parsing ecmascript source code failed

Import traces:
  Client Component Browser:
    ./src/components/slot-picker.tsx [Client Component Browser]
    ./src/app/book/BookingFlow.tsx [Client Component Browser]
    ./src/app/book/BookingFlow.tsx [Server Component]
    ./src/app/book/page.tsx [Server Component]

  Client Component SSR:
    ./src/components/slot-picker.tsx [Client Component SSR]
    ./src/app/book/BookingFlow.tsx [Client Component SSR]
    ./src/app/book/BookingFlow.tsx [Server Component]
    ./src/app/book/page.tsx [Server Component] @ http://localhost:3000/_next/static/chunks/0484_next_dist_0_l-60x._.js:1052
[  259135ms] [LOG] [Fast Refresh] rebuilding @ http://localhost:3000/_next/static/chunks/0484_next_dist_0_l-60x._.js:776
[  259668ms] [ERROR] ./src/components/slot-picker.tsx:495:4
Error: Expression expected
  493 |             </div>
  494 |           </div>
> 495 | <<<<<<< HEAD
      |    ^^
  496 | =======
  497 |
  498 |           {/* times for the selected day */}

Parsing ecmascript source code failed

Import traces:
  Client Component Browser:
    ./src/components/slot-picker.tsx [Client Component Browser]
    ./src/app/book/BookingFlow.tsx [Client Component Browser]
    ./src/app/book/BookingFlow.tsx [Server Component]
    ./src/app/book/page.tsx [Server Component]

  Client Component SSR:
    ./src/components/slot-picker.tsx [Client Component SSR]
    ./src/app/book/BookingFlow.tsx [Client Component SSR]
    ./src/app/book/BookingFlow.tsx [Server Component]
    ./src/app/book/page.tsx [Server Component] @ http://localhost:3000/_next/static/chunks/0484_next_dist_0_l-60x._.js:1052
[  261666ms] [ERROR] ./src/components/slot-picker.tsx:495:4
Error: Expression expected
  493 |             </div>
  494 |           </div>
> 495 | <<<<<<< HEAD
      |    ^^
  496 | =======
  497 |
  498 |           {/* times for the selected day */}

Parsing ecmascript source code failed

Import traces:
  Client Component Browser:
    ./src/components/slot-picker.tsx [Client Component Browser]
    ./src/app/book/BookingFlow.tsx [Client Component Browser]
    ./src/app/book/BookingFlow.tsx [Server Component]
    ./src/app/book/page.tsx [Server Component]

  Client Component SSR:
    ./src/components/slot-picker.tsx [Client Component SSR]
    ./src/app/book/BookingFlow.tsx [Client Component SSR]
    ./src/app/book/BookingFlow.tsx [Server Component]
    ./src/app/book/page.tsx [Server Component] @ http://localhost:3000/_next/static/chunks/0484_next_dist_0_l-60x._.js:1052
[  263668ms] [ERROR] ./src/components/slot-picker.tsx:495:4
Error: Expression expected
  493 |             </div>
  494 |           </div>
> 495 | <<<<<<< HEAD
      |    ^^
  496 | =======
  497 |
  498 |           {/* times for the selected day */}

Parsing ecmascript source code failed

Import traces:
  Client Component Browser:
    ./src/components/slot-picker.tsx [Client Component Browser]
    ./src/app/book/BookingFlow.tsx [Client Component Browser]
    ./src/app/book/BookingFlow.tsx [Server Component]
    ./src/app/book/page.tsx [Server Component]

  Client Component SSR:
    ./src/components/slot-picker.tsx [Client Component SSR]
    ./src/app/book/BookingFlow.tsx [Client Component SSR]
    ./src/app/book/BookingFlow.tsx [Server Component]
    ./src/app/book/page.tsx [Server Component] @ http://localhost:3000/_next/static/chunks/0484_next_dist_0_l-60x._.js:1052
[  265666ms] [ERROR] ./src/components/slot-picker.tsx:495:4
Error: Expression expected
  493 |             </div>
  494 |           </div>
> 495 | <<<<<<< HEAD
      |    ^^
  496 | =======
  497 |
  498 |           {/* times for the selected day */}

Parsing ecmascript source code failed

Import traces:
  Client Component Browser:
    ./src/components/slot-picker.tsx [Client Component Browser]
    ./src/app/book/BookingFlow.tsx [Client Component Browser]
    ./src/app/book/BookingFlow.tsx [Server Component]
    ./src/app/book/page.tsx [Server Component]

  Client Component SSR:
    ./src/components/slot-picker.tsx [Client Component SSR]
    ./src/app/book/BookingFlow.tsx [Client Component SSR]
    ./src/app/book/BookingFlow.tsx [Server Component]
    ./src/app/book/page.tsx [Server Component] @ http://localhost:3000/_next/static/chunks/0484_next_dist_0_l-60x._.js:1052
[  267660ms] [ERROR] ./src/components/slot-picker.tsx:495:4
Error: Expression expected
  493 |             </div>
  494 |           </div>
> 495 | <<<<<<< HEAD
      |    ^^
  496 | =======
  497 |
  498 |           {/* times for the selected day */}

Parsing ecmascript source code failed

Import traces:
  Client Component Browser:
    ./src/components/slot-picker.tsx [Client Component Browser]
    ./src/app/book/BookingFlow.tsx [Client Component Browser]
    ./src/app/book/BookingFlow.tsx [Server Component]
    ./src/app/book/page.tsx [Server Component]

  Client Component SSR:
    ./src/components/slot-picker.tsx [Client Component SSR]
    ./src/app/book/BookingFlow.tsx [Client Component SSR]
    ./src/app/book/BookingFlow.tsx [Server Component]
    ./src/app/book/page.tsx [Server Component] @ http://localhost:3000/_next/static/chunks/0484_next_dist_0_l-60x._.js:1052
[  269667ms] [ERROR] ./src/components/slot-picker.tsx:495:4
Error: Expression expected
  493 |             </div>
  494 |           </div>
> 495 | <<<<<<< HEAD
      |    ^^
  496 | =======
  497 |
  498 |           {/* times for the selected day */}

Parsing ecmascript source code failed

Import traces:
  Client Component Browser:
    ./src/components/slot-picker.tsx [Client Component Browser]
    ./src/app/book/BookingFlow.tsx [Client Component Browser]
    ./src/app/book/BookingFlow.tsx [Server Component]
    ./src/app/book/page.tsx [Server Component]

  Client Component SSR:
    ./src/components/slot-picker.tsx [Client Component SSR]
    ./src/app/book/BookingFlow.tsx [Client Component SSR]
    ./src/app/book/BookingFlow.tsx [Server Component]
    ./src/app/book/page.tsx [Server Component] @ http://localhost:3000/_next/static/chunks/0484_next_dist_0_l-60x._.js:1052
[  271663ms] [ERROR] ./src/components/slot-picker.tsx:495:4
Error: Expression expected
  493 |             </div>
  494 |           </div>
> 495 | <<<<<<< HEAD
      |    ^^
  496 | =======
  497 |
  498 |           {/* times for the selected day */}

Parsing ecmascript source code failed

Import traces:
  Client Component Browser:
    ./src/components/slot-picker.tsx [Client Component Browser]
    ./src/app/book/BookingFlow.tsx [Client Component Browser]
    ./src/app/book/BookingFlow.tsx [Server Component]
    ./src/app/book/page.tsx [Server Component]

  Client Component SSR:
    ./src/components/slot-picker.tsx [Client Component SSR]
    ./src/app/book/BookingFlow.tsx [Client Component SSR]
    ./src/app/book/BookingFlow.tsx [Server Component]
    ./src/app/book/page.tsx [Server Component] @ http://localhost:3000/_next/static/chunks/0484_next_dist_0_l-60x._.js:1052
[  273661ms] [ERROR] ./src/components/slot-picker.tsx:495:4
Error: Expression expected
  493 |             </div>
  494 |           </div>
> 495 | <<<<<<< HEAD
      |    ^^
  496 | =======
  497 |
  498 |           {/* times for the selected day */}

Parsing ecmascript source code failed

Import traces:
  Client Component Browser:
    ./src/components/slot-picker.tsx [Client Component Browser]
    ./src/app/book/BookingFlow.tsx [Client Component Browser]
    ./src/app/book/BookingFlow.tsx [Server Component]
    ./src/app/book/page.tsx [Server Component]

  Client Component SSR:
    ./src/components/slot-picker.tsx [Client Component SSR]
    ./src/app/book/BookingFlow.tsx [Client Component SSR]
    ./src/app/book/BookingFlow.tsx [Server Component]
    ./src/app/book/page.tsx [Server Component] @ http://localhost:3000/_next/static/chunks/0484_next_dist_0_l-60x._.js:1052
[  274082ms] [LOG] [Fast Refresh] rebuilding @ http://localhost:3000/_next/static/chunks/0484_next_dist_0_l-60x._.js:776
[  274116ms] [LOG] [Fast Refresh] done in 73ms @ http://localhost:3000/_next/static/chunks/0484_next_dist_0_l-60x._.js:776
[  274225ms] [LOG] [Fast Refresh] done in 73ms @ http://localhost:3000/_next/static/chunks/0484_next_dist_0_l-60x._.js:776
[  274308ms] [LOG] [Fast Refresh] done in 73ms @ http://localhost:3000/_next/static/chunks/0484_next_dist_0_l-60x._.js:776
[  274477ms] [LOG] [Fast Refresh] done in 73ms @ http://localhost:3000/_next/static/chunks/0484_next_dist_0_l-60x._.js:776
[  274746ms] [LOG] [Fast Refresh] done in 73ms @ http://localhost:3000/_next/static/chunks/0484_next_dist_0_l-60x._.js:776
[  274858ms] [LOG] [Fast Refresh] done in 73ms @ http://localhost:3000/_next/static/chunks/0484_next_dist_0_l-60x._.js:776
[  275055ms] [LOG] [Fast Refresh] done in 73ms @ http://localhost:3000/_next/static/chunks/0484_next_dist_0_l-60x._.js:776
[  276663ms] [LOG] [Fast Refresh] done in 73ms @ http://localhost:3000/_next/static/chunks/0484_next_dist_0_l-60x._.js:776
[  277660ms] [LOG] [Fast Refresh] done in 73ms @ http://localhost:3000/_next/static/chunks/0484_next_dist_0_l-60x._.js:776
[  279665ms] [LOG] [Fast Refresh] done in 73ms @ http://localhost:3000/_next/static/chunks/0484_next_dist_0_l-60x._.js:776
[  281671ms] [LOG] [Fast Refresh] done in 73ms @ http://localhost:3000/_next/static/chunks/0484_next_dist_0_l-60x._.js:776
[  283663ms] [LOG] [Fast Refresh] done in 73ms @ http://localhost:3000/_next/static/chunks/0484_next_dist_0_l-60x._.js:776
[  285669ms] [LOG] [Fast Refresh] done in 73ms @ http://localhost:3000/_next/static/chunks/0484_next_dist_0_l-60x._.js:776
[  287664ms] [LOG] [Fast Refresh] done in 73ms @ http://localhost:3000/_next/static/chunks/0484_next_dist_0_l-60x._.js:776
[  289660ms] [LOG] [Fast Refresh] done in 73ms @ http://localhost:3000/_next/static/chunks/0484_next_dist_0_l-60x._.js:776
[  291659ms] [LOG] [Fast Refresh] done in 73ms @ http://localhost:3000/_next/static/chunks/0484_next_dist_0_l-60x._.js:776
[  293663ms] [LOG] [Fast Refresh] done in 73ms @ http://localhost:3000/_next/static/chunks/0484_next_dist_0_l-60x._.js:776
[  295664ms] [LOG] [Fast Refresh] done in 73ms @ http://localhost:3000/_next/static/chunks/0484_next_dist_0_l-60x._.js:776
[  297663ms] [LOG] [Fast Refresh] done in 73ms @ http://localhost:3000/_next/static/chunks/0484_next_dist_0_l-60x._.js:776
[  299662ms] [LOG] [Fast Refresh] done in 73ms @ http://localhost:3000/_next/static/chunks/0484_next_dist_0_l-60x._.js:776
[  301663ms] [LOG] [Fast Refresh] done in 73ms @ http://localhost:3000/_next/static/chunks/0484_next_dist_0_l-60x._.js:776
[  303662ms] [LOG] [Fast Refresh] done in 73ms @ http://localhost:3000/_next/static/chunks/0484_next_dist_0_l-60x._.js:776
[  305663ms] [LOG] [Fast Refresh] done in 73ms @ http://localhost:3000/_next/static/chunks/0484_next_dist_0_l-60x._.js:776
[  307660ms] [LOG] [Fast Refresh] done in 73ms @ http://localhost:3000/_next/static/chunks/0484_next_dist_0_l-60x._.js:776
[  309659ms] [LOG] [Fast Refresh] done in 73ms @ http://localhost:3000/_next/static/chunks/0484_next_dist_0_l-60x._.js:776
[  311661ms] [LOG] [Fast Refresh] done in 73ms @ http://localhost:3000/_next/static/chunks/0484_next_dist_0_l-60x._.js:776
[  313659ms] [LOG] [Fast Refresh] done in 73ms @ http://localhost:3000/_next/static/chunks/0484_next_dist_0_l-60x._.js:776
[  315660ms] [LOG] [Fast Refresh] done in 73ms @ http://localhost:3000/_next/static/chunks/0484_next_dist_0_l-60x._.js:776
[  317663ms] [LOG] [Fast Refresh] done in 73ms @ http://localhost:3000/_next/static/chunks/0484_next_dist_0_l-60x._.js:776
[  319663ms] [LOG] [Fast Refresh] done in 73ms @ http://localhost:3000/_next/static/chunks/0484_next_dist_0_l-60x._.js:776
[  321658ms] [LOG] [Fast Refresh] done in 73ms @ http://localhost:3000/_next/static/chunks/0484_next_dist_0_l-60x._.js:776
[  323658ms] [LOG] [Fast Refresh] done in 73ms @ http://localhost:3000/_next/static/chunks/0484_next_dist_0_l-60x._.js:776
[  325658ms] [LOG] [Fast Refresh] done in 73ms @ http://localhost:3000/_next/static/chunks/0484_next_dist_0_l-60x._.js:776
[  327665ms] [LOG] [Fast Refresh] done in 73ms @ http://localhost:3000/_next/static/chunks/0484_next_dist_0_l-60x._.js:776
[  329660ms] [LOG] [Fast Refresh] done in 73ms @ http://localhost:3000/_next/static/chunks/0484_next_dist_0_l-60x._.js:776
[  331657ms] [LOG] [Fast Refresh] done in 73ms @ http://localhost:3000/_next/static/chunks/0484_next_dist_0_l-60x._.js:776
[  333658ms] [LOG] [Fast Refresh] done in 73ms @ http://localhost:3000/_next/static/chunks/0484_next_dist_0_l-60x._.js:776
[  335670ms] [LOG] [Fast Refresh] done in 73ms @ http://localhost:3000/_next/static/chunks/0484_next_dist_0_l-60x._.js:776
[  337666ms] [LOG] [Fast Refresh] done in 73ms @ http://localhost:3000/_next/static/chunks/0484_next_dist_0_l-60x._.js:776
[  339660ms] [LOG] [Fast Refresh] done in 73ms @ http://localhost:3000/_next/static/chunks/0484_next_dist_0_l-60x._.js:776
[  341674ms] [LOG] [Fast Refresh] done in 73ms @ http://localhost:3000/_next/static/chunks/0484_next_dist_0_l-60x._.js:776
[  343663ms] [LOG] [Fast Refresh] done in 73ms @ http://localhost:3000/_next/static/chunks/0484_next_dist_0_l-60x._.js:776
[  345658ms] [LOG] [Fast Refresh] done in 73ms @ http://localhost:3000/_next/static/chunks/0484_next_dist_0_l-60x._.js:776
[  347659ms] [LOG] [Fast Refresh] done in 73ms @ http://localhost:3000/_next/static/chunks/0484_next_dist_0_l-60x._.js:776
[  349658ms] [LOG] [Fast Refresh] done in 73ms @ http://localhost:3000/_next/static/chunks/0484_next_dist_0_l-60x._.js:776
[  351658ms] [LOG] [Fast Refresh] done in 73ms @ http://localhost:3000/_next/static/chunks/0484_next_dist_0_l-60x._.js:776
[  353658ms] [LOG] [Fast Refresh] done in 73ms @ http://localhost:3000/_next/static/chunks/0484_next_dist_0_l-60x._.js:776
[  355660ms] [LOG] [Fast Refresh] done in 73ms @ http://localhost:3000/_next/static/chunks/0484_next_dist_0_l-60x._.js:776
[  357658ms] [LOG] [Fast Refresh] done in 73ms @ http://localhost:3000/_next/static/chunks/0484_next_dist_0_l-60x._.js:776
[  359659ms] [LOG] [Fast Refresh] done in 73ms @ http://localhost:3000/_next/static/chunks/0484_next_dist_0_l-60x._.js:776
[  361658ms] [LOG] [Fast Refresh] done in 73ms @ http://localhost:3000/_next/static/chunks/0484_next_dist_0_l-60x._.js:776
[  363659ms] [LOG] [Fast Refresh] done in 73ms @ http://localhost:3000/_next/static/chunks/0484_next_dist_0_l-60x._.js:776
[  365661ms] [LOG] [Fast Refresh] done in 73ms @ http://localhost:3000/_next/static/chunks/0484_next_dist_0_l-60x._.js:776
[  367656ms] [LOG] [Fast Refresh] done in 73ms @ http://localhost:3000/_next/static/chunks/0484_next_dist_0_l-60x._.js:776
[  369657ms] [LOG] [Fast Refresh] done in 73ms @ http://localhost:3000/_next/static/chunks/0484_next_dist_0_l-60x._.js:776
[  371660ms] [LOG] [Fast Refresh] done in 73ms @ http://localhost:3000/_next/static/chunks/0484_next_dist_0_l-60x._.js:776
[  373658ms] [LOG] [Fast Refresh] done in 73ms @ http://localhost:3000/_next/static/chunks/0484_next_dist_0_l-60x._.js:776
[  375659ms] [LOG] [Fast Refresh] done in 73ms @ http://localhost:3000/_next/static/chunks/0484_next_dist_0_l-60x._.js:776
[  377661ms] [LOG] [Fast Refresh] done in 73ms @ http://localhost:3000/_next/static/chunks/0484_next_dist_0_l-60x._.js:776
[  379659ms] [LOG] [Fast Refresh] done in 73ms @ http://localhost:3000/_next/static/chunks/0484_next_dist_0_l-60x._.js:776
[  381661ms] [LOG] [Fast Refresh] done in 73ms @ http://localhost:3000/_next/static/chunks/0484_next_dist_0_l-60x._.js:776
[  383660ms] [LOG] [Fast Refresh] done in 73ms @ http://localhost:3000/_next/static/chunks/0484_next_dist_0_l-60x._.js:776
[  385666ms] [LOG] [Fast Refresh] done in 73ms @ http://localhost:3000/_next/static/chunks/0484_next_dist_0_l-60x._.js:776
[  387665ms] [LOG] [Fast Refresh] done in 73ms @ http://localhost:3000/_next/static/chunks/0484_next_dist_0_l-60x._.js:776
[  389667ms] [LOG] [Fast Refresh] done in 73ms @ http://localhost:3000/_next/static/chunks/0484_next_dist_0_l-60x._.js:776
[  391667ms] [LOG] [Fast Refresh] done in 73ms @ http://localhost:3000/_next/static/chunks/0484_next_dist_0_l-60x._.js:776
[  393669ms] [LOG] [Fast Refresh] done in 73ms @ http://localhost:3000/_next/static/chunks/0484_next_dist_0_l-60x._.js:776
[  395679ms] [LOG] [Fast Refresh] done in 73ms @ http://localhost:3000/_next/static/chunks/0484_next_dist_0_l-60x._.js:776
[  397680ms] [LOG] [Fast Refresh] done in 73ms @ http://localhost:3000/_next/static/chunks/0484_next_dist_0_l-60x._.js:776
[  399675ms] [LOG] [Fast Refresh] done in 73ms @ http://localhost:3000/_next/static/chunks/0484_next_dist_0_l-60x._.js:776
[  401672ms] [LOG] [Fast Refresh] done in 73ms @ http://localhost:3000/_next/static/chunks/0484_next_dist_0_l-60x._.js:776
[  403672ms] [LOG] [Fast Refresh] done in 73ms @ http://localhost:3000/_next/static/chunks/0484_next_dist_0_l-60x._.js:776
[  405672ms] [LOG] [Fast Refresh] done in 73ms @ http://localhost:3000/_next/static/chunks/0484_next_dist_0_l-60x._.js:776
[  407672ms] [LOG] [Fast Refresh] done in 73ms @ http://localhost:3000/_next/static/chunks/0484_next_dist_0_l-60x._.js:776
[  409678ms] [LOG] [Fast Refresh] done in 73ms @ http://localhost:3000/_next/static/chunks/0484_next_dist_0_l-60x._.js:776
[  411673ms] [LOG] [Fast Refresh] done in 73ms @ http://localhost:3000/_next/static/chunks/0484_next_dist_0_l-60x._.js:776
[  413683ms] [LOG] [Fast Refresh] done in 73ms @ http://localhost:3000/_next/static/chunks/0484_next_dist_0_l-60x._.js:776
[  415677ms] [LOG] [Fast Refresh] done in 73ms @ http://localhost:3000/_next/static/chunks/0484_next_dist_0_l-60x._.js:776
[  417674ms] [LOG] [Fast Refresh] done in 73ms @ http://localhost:3000/_next/static/chunks/0484_next_dist_0_l-60x._.js:776
[  419679ms] [LOG] [Fast Refresh] done in 73ms @ http://localhost:3000/_next/static/chunks/0484_next_dist_0_l-60x._.js:776
[  421679ms] [LOG] [Fast Refresh] done in 73ms @ http://localhost:3000/_next/static/chunks/0484_next_dist_0_l-60x._.js:776
[  423683ms] [LOG] [Fast Refresh] done in 73ms @ http://localhost:3000/_next/static/chunks/0484_next_dist_0_l-60x._.js:776
[  425673ms] [LOG] [Fast Refresh] done in 73ms @ http://localhost:3000/_next/static/chunks/0484_next_dist_0_l-60x._.js:776
[  427684ms] [LOG] [Fast Refresh] done in 73ms @ http://localhost:3000/_next/static/chunks/0484_next_dist_0_l-60x._.js:776
[  429673ms] [LOG] [Fast Refresh] done in 73ms @ http://localhost:3000/_next/static/chunks/0484_next_dist_0_l-60x._.js:776
[  431672ms] [LOG] [Fast Refresh] done in 73ms @ http://localhost:3000/_next/static/chunks/0484_next_dist_0_l-60x._.js:776
[  433674ms] [LOG] [Fast Refresh] done in 73ms @ http://localhost:3000/_next/static/chunks/0484_next_dist_0_l-60x._.js:776
[  435679ms] [LOG] [Fast Refresh] done in 73ms @ http://localhost:3000/_next/static/chunks/0484_next_dist_0_l-60x._.js:776
[  437677ms] [LOG] [Fast Refresh] done in 73ms @ http://localhost:3000/_next/static/chunks/0484_next_dist_0_l-60x._.js:776
[  439680ms] [LOG] [Fast Refresh] done in 73ms @ http://localhost:3000/_next/static/chunks/0484_next_dist_0_l-60x._.js:776
[  441681ms] [LOG] [Fast Refresh] done in 73ms @ http://localhost:3000/_next/static/chunks/0484_next_dist_0_l-60x._.js:776
[  443678ms] [LOG] [Fast Refresh] done in 73ms @ http://localhost:3000/_next/static/chunks/0484_next_dist_0_l-60x._.js:776
[  445674ms] [LOG] [Fast Refresh] done in 73ms @ http://localhost:3000/_next/static/chunks/0484_next_dist_0_l-60x._.js:776
[  447676ms] [LOG] [Fast Refresh] done in 73ms @ http://localhost:3000/_next/static/chunks/0484_next_dist_0_l-60x._.js:776
[  449675ms] [LOG] [Fast Refresh] done in 73ms @ http://localhost:3000/_next/static/chunks/0484_next_dist_0_l-60x._.js:776
[  451673ms] [LOG] [Fast Refresh] done in 73ms @ http://localhost:3000/_next/static/chunks/0484_next_dist_0_l-60x._.js:776
[  453672ms] [LOG] [Fast Refresh] done in 73ms @ http://localhost:3000/_next/static/chunks/0484_next_dist_0_l-60x._.js:776
[  455681ms] [LOG] [Fast Refresh] done in 73ms @ http://localhost:3000/_next/static/chunks/0484_next_dist_0_l-60x._.js:776
[  457678ms] [LOG] [Fast Refresh] done in 73ms @ http://localhost:3000/_next/static/chunks/0484_next_dist_0_l-60x._.js:776
[  459675ms] [LOG] [Fast Refresh] done in 73ms @ http://localhost:3000/_next/static/chunks/0484_next_dist_0_l-60x._.js:776
[  461680ms] [LOG] [Fast Refresh] done in 73ms @ http://localhost:3000/_next/static/chunks/0484_next_dist_0_l-60x._.js:776
[  463678ms] [LOG] [Fast Refresh] done in 73ms @ http://localhost:3000/_next/static/chunks/0484_next_dist_0_l-60x._.js:776
[  465677ms] [LOG] [Fast Refresh] done in 73ms @ http://localhost:3000/_next/static/chunks/0484_next_dist_0_l-60x._.js:776
[  467678ms] [LOG] [Fast Refresh] done in 73ms @ http://localhost:3000/_next/static/chunks/0484_next_dist_0_l-60x._.js:776
[  469676ms] [LOG] [Fast Refresh] done in 73ms @ http://localhost:3000/_next/static/chunks/0484_next_dist_0_l-60x._.js:776
[  471676ms] [LOG] [Fast Refresh] done in 73ms @ http://localhost:3000/_next/static/chunks/0484_next_dist_0_l-60x._.js:776
[  473691ms] [LOG] [Fast Refresh] done in 73ms @ http://localhost:3000/_next/static/chunks/0484_next_dist_0_l-60x._.js:776
[  475678ms] [LOG] [Fast Refresh] done in 73ms @ http://localhost:3000/_next/static/chunks/0484_next_dist_0_l-60x._.js:776
[  477680ms] [LOG] [Fast Refresh] done in 73ms @ http://localhost:3000/_next/static/chunks/0484_next_dist_0_l-60x._.js:776
[  479689ms] [LOG] [Fast Refresh] done in 73ms @ http://localhost:3000/_next/static/chunks/0484_next_dist_0_l-60x._.js:776
[  481681ms] [LOG] [Fast Refresh] done in 73ms @ http://localhost:3000/_next/static/chunks/0484_next_dist_0_l-60x._.js:776
[  483683ms] [LOG] [Fast Refresh] done in 73ms @ http://localhost:3000/_next/static/chunks/0484_next_dist_0_l-60x._.js:776
[  485684ms] [LOG] [Fast Refresh] done in 73ms @ http://localhost:3000/_next/static/chunks/0484_next_dist_0_l-60x._.js:776
[  487676ms] [LOG] [Fast Refresh] done in 73ms @ http://localhost:3000/_next/static/chunks/0484_next_dist_0_l-60x._.js:776
[  489675ms] [LOG] [Fast Refresh] done in 73ms @ http://localhost:3000/_next/static/chunks/0484_next_dist_0_l-60x._.js:776
[  491675ms] [LOG] [Fast Refresh] done in 73ms @ http://localhost:3000/_next/static/chunks/0484_next_dist_0_l-60x._.js:776
[  493675ms] [LOG] [Fast Refresh] done in 73ms @ http://localhost:3000/_next/static/chunks/0484_next_dist_0_l-60x._.js:776
[  495680ms] [LOG] [Fast Refresh] done in 73ms @ http://localhost:3000/_next/static/chunks/0484_next_dist_0_l-60x._.js:776
[  497681ms] [LOG] [Fast Refresh] done in 73ms @ http://localhost:3000/_next/static/chunks/0484_next_dist_0_l-60x._.js:776
[  499686ms] [LOG] [Fast Refresh] done in 73ms @ http://localhost:3000/_next/static/chunks/0484_next_dist_0_l-60x._.js:776
[  501700ms] [LOG] [Fast Refresh] done in 73ms @ http://localhost:3000/_next/static/chunks/0484_next_dist_0_l-60x._.js:776
[  503679ms] [LOG] [Fast Refresh] done in 73ms @ http://localhost:3000/_next/static/chunks/0484_next_dist_0_l-60x._.js:776
[  509403ms] [LOG] [Fast Refresh] rebuilding @ http://localhost:3000/_next/static/chunks/0484_next_dist_0_l-60x._.js:776
[  509425ms] [LOG] [Fast Refresh] done in 55ms @ http://localhost:3000/_next/static/chunks/0484_next_dist_0_l-60x._.js:776
[  509462ms] [LOG] [Fast Refresh] done in 55ms @ http://localhost:3000/_next/static/chunks/0484_next_dist_0_l-60x._.js:776
[  509556ms] [LOG] [Fast Refresh] done in 55ms @ http://localhost:3000/_next/static/chunks/0484_next_dist_0_l-60x._.js:776
[  509614ms] [LOG] [Fast Refresh] done in 55ms @ http://localhost:3000/_next/static/chunks/0484_next_dist_0_l-60x._.js:776
[  509663ms] [LOG] [Fast Refresh] done in 55ms @ http://localhost:3000/_next/static/chunks/0484_next_dist_0_l-60x._.js:776
[  509767ms] [LOG] [Fast Refresh] done in 55ms @ http://localhost:3000/_next/static/chunks/0484_next_dist_0_l-60x._.js:776
[  511678ms] [LOG] [Fast Refresh] done in 55ms @ http://localhost:3000/_next/static/chunks/0484_next_dist_0_l-60x._.js:776
[  513680ms] [LOG] [Fast Refresh] done in 55ms @ http://localhost:3000/_next/static/chunks/0484_next_dist_0_l-60x._.js:776
[  515680ms] [LOG] [Fast Refresh] done in 55ms @ http://localhost:3000/_next/static/chunks/0484_next_dist_0_l-60x._.js:776
[  517683ms] [LOG] [Fast Refresh] done in 55ms @ http://localhost:3000/_next/static/chunks/0484_next_dist_0_l-60x._.js:776
[  519678ms] [LOG] [Fast Refresh] done in 55ms @ http://localhost:3000/_next/static/chunks/0484_next_dist_0_l-60x._.js:776
[  521263ms] [LOG] [Fast Refresh] done in 55ms @ http://localhost:3000/_next/static/chunks/0484_next_dist_0_l-60x._.js:776
[  521461ms] [LOG] [Fast Refresh] done in 55ms @ http://localhost:3000/_next/static/chunks/0484_next_dist_0_l-60x._.js:776
[  521674ms] [LOG] [Fast Refresh] done in 55ms @ http://localhost:3000/_next/static/chunks/0484_next_dist_0_l-60x._.js:776
[  521899ms] [LOG] [Fast Refresh] done in 55ms @ http://localhost:3000/_next/static/chunks/0484_next_dist_0_l-60x._.js:776
[  522048ms] [LOG] [Fast Refresh] done in 55ms @ http://localhost:3000/_next/static/chunks/0484_next_dist_0_l-60x._.js:776
[  523677ms] [LOG] [Fast Refresh] done in 55ms @ http://localhost:3000/_next/static/chunks/0484_next_dist_0_l-60x._.js:776
[  524424ms] [LOG] [Fast Refresh] done in 55ms @ http://localhost:3000/_next/static/chunks/0484_next_dist_0_l-60x._.js:776
[  525674ms] [LOG] [Fast Refresh] done in 55ms @ http://localhost:3000/_next/static/chunks/0484_next_dist_0_l-60x._.js:776
[  527714ms] [LOG] [Fast Refresh] done in 55ms @ http://localhost:3000/_next/static/chunks/0484_next_dist_0_l-60x._.js:776
[  529681ms] [LOG] [Fast Refresh] done in 55ms @ http://localhost:3000/_next/static/chunks/0484_next_dist_0_l-60x._.js:776
[  531689ms] [LOG] [Fast Refresh] done in 55ms @ http://localhost:3000/_next/static/chunks/0484_next_dist_0_l-60x._.js:776
[  533678ms] [LOG] [Fast Refresh] done in 55ms @ http://localhost:3000/_next/static/chunks/0484_next_dist_0_l-60x._.js:776
[  535678ms] [LOG] [Fast Refresh] done in 55ms @ http://localhost:3000/_next/static/chunks/0484_next_dist_0_l-60x._.js:776
[  537680ms] [LOG] [Fast Refresh] done in 55ms @ http://localhost:3000/_next/static/chunks/0484_next_dist_0_l-60x._.js:776
[  539675ms] [LOG] [Fast Refresh] done in 55ms @ http://localhost:3000/_next/static/chunks/0484_next_dist_0_l-60x._.js:776
[  541674ms] [LOG] [Fast Refresh] done in 55ms @ http://localhost:3000/_next/static/chunks/0484_next_dist_0_l-60x._.js:776
[  543676ms] [LOG] [Fast Refresh] done in 55ms @ http://localhost:3000/_next/static/chunks/0484_next_dist_0_l-60x._.js:776
[  545678ms] [LOG] [Fast Refresh] done in 55ms @ http://localhost:3000/_next/static/chunks/0484_next_dist_0_l-60x._.js:776
[  547676ms] [LOG] [Fast Refresh] done in 55ms @ http://localhost:3000/_next/static/chunks/0484_next_dist_0_l-60x._.js:776
[  549676ms] [LOG] [Fast Refresh] done in 55ms @ http://localhost:3000/_next/static/chunks/0484_next_dist_0_l-60x._.js:776
[  551678ms] [LOG] [Fast Refresh] done in 55ms @ http://localhost:3000/_next/static/chunks/0484_next_dist_0_l-60x._.js:776
[  553676ms] [LOG] [Fast Refresh] done in 55ms @ http://localhost:3000/_next/static/chunks/0484_next_dist_0_l-60x._.js:776
[  555692ms] [LOG] [Fast Refresh] done in 55ms @ http://localhost:3000/_next/static/chunks/0484_next_dist_0_l-60x._.js:776
[  557681ms] [LOG] [Fast Refresh] done in 55ms @ http://localhost:3000/_next/static/chunks/0484_next_dist_0_l-60x._.js:776
[  559674ms] [LOG] [Fast Refresh] done in 55ms @ http://localhost:3000/_next/static/chunks/0484_next_dist_0_l-60x._.js:776
[  561676ms] [LOG] [Fast Refresh] done in 55ms @ http://localhost:3000/_next/static/chunks/0484_next_dist_0_l-60x._.js:776
[  563675ms] [LOG] [Fast Refresh] done in 55ms @ http://localhost:3000/_next/static/chunks/0484_next_dist_0_l-60x._.js:776
[  565676ms] [LOG] [Fast Refresh] done in 55ms @ http://localhost:3000/_next/static/chunks/0484_next_dist_0_l-60x._.js:776
[  567675ms] [LOG] [Fast Refresh] done in 55ms @ http://localhost:3000/_next/static/chunks/0484_next_dist_0_l-60x._.js:776
[  569675ms] [LOG] [Fast Refresh] done in 55ms @ http://localhost:3000/_next/static/chunks/0484_next_dist_0_l-60x._.js:776
[  571677ms] [LOG] [Fast Refresh] done in 55ms @ http://localhost:3000/_next/static/chunks/0484_next_dist_0_l-60x._.js:776
[  573674ms] [LOG] [Fast Refresh] done in 55ms @ http://localhost:3000/_next/static/chunks/0484_next_dist_0_l-60x._.js:776
[  575679ms] [LOG] [Fast Refresh] done in 55ms @ http://localhost:3000/_next/static/chunks/0484_next_dist_0_l-60x._.js:776
[  577676ms] [LOG] [Fast Refresh] done in 55ms @ http://localhost:3000/_next/static/chunks/0484_next_dist_0_l-60x._.js:776
[  579679ms] [LOG] [Fast Refresh] done in 55ms @ http://localhost:3000/_next/static/chunks/0484_next_dist_0_l-60x._.js:776
[  581676ms] [LOG] [Fast Refresh] done in 55ms @ http://localhost:3000/_next/static/chunks/0484_next_dist_0_l-60x._.js:776
[  583713ms] [LOG] [Fast Refresh] done in 55ms @ http://localhost:3000/_next/static/chunks/0484_next_dist_0_l-60x._.js:776
[  585716ms] [LOG] [Fast Refresh] done in 55ms @ http://localhost:3000/_next/static/chunks/0484_next_dist_0_l-60x._.js:776
[  587677ms] [LOG] [Fast Refresh] done in 55ms @ http://localhost:3000/_next/static/chunks/0484_next_dist_0_l-60x._.js:776
[  589311ms] [LOG] [Fast Refresh] done in 55ms @ http://localhost:3000/_next/static/chunks/0484_next_dist_0_l-60x._.js:776
[  589352ms] [LOG] [Fast Refresh] done in 55ms @ http://localhost:3000/_next/static/chunks/0484_next_dist_0_l-60x._.js:776
[  589676ms] [LOG] [Fast Refresh] done in 55ms @ http://localhost:3000/_next/static/chunks/0484_next_dist_0_l-60x._.js:776
[  591676ms] [LOG] [Fast Refresh] done in 55ms @ http://localhost:3000/_next/static/chunks/0484_next_dist_0_l-60x._.js:776
[  593678ms] [LOG] [Fast Refresh] done in 55ms @ http://localhost:3000/_next/static/chunks/0484_next_dist_0_l-60x._.js:776
[  595677ms] [LOG] [Fast Refresh] done in 55ms @ http://localhost:3000/_next/static/chunks/0484_next_dist_0_l-60x._.js:776
[  597680ms] [LOG] [Fast Refresh] done in 55ms @ http://localhost:3000/_next/static/chunks/0484_next_dist_0_l-60x._.js:776
[  599676ms] [LOG] [Fast Refresh] done in 55ms @ http://localhost:3000/_next/static/chunks/0484_next_dist_0_l-60x._.js:776
[  601703ms] [LOG] [Fast Refresh] done in 55ms @ http://localhost:3000/_next/static/chunks/0484_next_dist_0_l-60x._.js:776
[  601902ms] [LOG] [Fast Refresh] done in 55ms @ http://localhost:3000/_next/static/chunks/0484_next_dist_0_l-60x._.js:776
[  602281ms] [LOG] [Fast Refresh] done in 55ms @ http://localhost:3000/_next/static/chunks/0484_next_dist_0_l-60x._.js:776
[  603677ms] [LOG] [Fast Refresh] done in 55ms @ http://localhost:3000/_next/static/chunks/0484_next_dist_0_l-60x._.js:776
[  604564ms] [LOG] [Fast Refresh] done in 55ms @ http://localhost:3000/_next/static/chunks/0484_next_dist_0_l-60x._.js:776
[  605693ms] [LOG] [Fast Refresh] done in 55ms @ http://localhost:3000/_next/static/chunks/0484_next_dist_0_l-60x._.js:776
[  607675ms] [LOG] [Fast Refresh] done in 55ms @ http://localhost:3000/_next/static/chunks/0484_next_dist_0_l-60x._.js:776
[  609693ms] [LOG] [Fast Refresh] done in 55ms @ http://localhost:3000/_next/static/chunks/0484_next_dist_0_l-60x._.js:776
[  611681ms] [LOG] [Fast Refresh] done in 55ms @ http://localhost:3000/_next/static/chunks/0484_next_dist_0_l-60x._.js:776
[  613697ms] [LOG] [Fast Refresh] done in 55ms @ http://localhost:3000/_next/static/chunks/0484_next_dist_0_l-60x._.js:776
[  615711ms] [LOG] [Fast Refresh] done in 55ms @ http://localhost:3000/_next/static/chunks/0484_next_dist_0_l-60x._.js:776
[  617677ms] [LOG] [Fast Refresh] done in 55ms @ http://localhost:3000/_next/static/chunks/0484_next_dist_0_l-60x._.js:776
[  619676ms] [LOG] [Fast Refresh] done in 55ms @ http://localhost:3000/_next/static/chunks/0484_next_dist_0_l-60x._.js:776
[  621673ms] [LOG] [Fast Refresh] done in 55ms @ http://localhost:3000/_next/static/chunks/0484_next_dist_0_l-60x._.js:776
[  623677ms] [LOG] [Fast Refresh] done in 55ms @ http://localhost:3000/_next/static/chunks/0484_next_dist_0_l-60x._.js:776
[  625676ms] [LOG] [Fast Refresh] done in 55ms @ http://localhost:3000/_next/static/chunks/0484_next_dist_0_l-60x._.js:776
[  627676ms] [LOG] [Fast Refresh] done in 55ms @ http://localhost:3000/_next/static/chunks/0484_next_dist_0_l-60x._.js:776
[  629678ms] [LOG] [Fast Refresh] done in 55ms @ http://localhost:3000/_next/static/chunks/0484_next_dist_0_l-60x._.js:776
[  631676ms] [LOG] [Fast Refresh] done in 55ms @ http://localhost:3000/_next/static/chunks/0484_next_dist_0_l-60x._.js:776
[  633678ms] [LOG] [Fast Refresh] done in 55ms @ http://localhost:3000/_next/static/chunks/0484_next_dist_0_l-60x._.js:776
[  635678ms] [LOG] [Fast Refresh] done in 55ms @ http://localhost:3000/_next/static/chunks/0484_next_dist_0_l-60x._.js:776
[  637676ms] [LOG] [Fast Refresh] done in 55ms @ http://localhost:3000/_next/static/chunks/0484_next_dist_0_l-60x._.js:776
[  639676ms] [LOG] [Fast Refresh] done in 55ms @ http://localhost:3000/_next/static/chunks/0484_next_dist_0_l-60x._.js:776
[  641674ms] [LOG] [Fast Refresh] done in 55ms @ http://localhost:3000/_next/static/chunks/0484_next_dist_0_l-60x._.js:776
[  643677ms] [LOG] [Fast Refresh] done in 55ms @ http://localhost:3000/_next/static/chunks/0484_next_dist_0_l-60x._.js:776
[  645676ms] [LOG] [Fast Refresh] done in 55ms @ http://localhost:3000/_next/static/chunks/0484_next_dist_0_l-60x._.js:776
[  647675ms] [LOG] [Fast Refresh] done in 55ms @ http://localhost:3000/_next/static/chunks/0484_next_dist_0_l-60x._.js:776
[  649676ms] [LOG] [Fast Refresh] done in 55ms @ http://localhost:3000/_next/static/chunks/0484_next_dist_0_l-60x._.js:776
[  651676ms] [LOG] [Fast Refresh] done in 55ms @ http://localhost:3000/_next/static/chunks/0484_next_dist_0_l-60x._.js:776
[  653674ms] [LOG] [Fast Refresh] done in 55ms @ http://localhost:3000/_next/static/chunks/0484_next_dist_0_l-60x._.js:776
[  655684ms] [LOG] [Fast Refresh] done in 55ms @ http://localhost:3000/_next/static/chunks/0484_next_dist_0_l-60x._.js:776
[  657678ms] [LOG] [Fast Refresh] done in 55ms @ http://localhost:3000/_next/static/chunks/0484_next_dist_0_l-60x._.js:776
[  659676ms] [LOG] [Fast Refresh] done in 55ms @ http://localhost:3000/_next/static/chunks/0484_next_dist_0_l-60x._.js:776
[  661677ms] [LOG] [Fast Refresh] done in 55ms @ http://localhost:3000/_next/static/chunks/0484_next_dist_0_l-60x._.js:776
[  663674ms] [LOG] [Fast Refresh] done in 55ms @ http://localhost:3000/_next/static/chunks/0484_next_dist_0_l-60x._.js:776
[  665676ms] [LOG] [Fast Refresh] done in 55ms @ http://localhost:3000/_next/static/chunks/0484_next_dist_0_l-60x._.js:776
[  667675ms] [LOG] [Fast Refresh] done in 55ms @ http://localhost:3000/_next/static/chunks/0484_next_dist_0_l-60x._.js:776
[  669683ms] [LOG] [Fast Refresh] done in 55ms @ http://localhost:3000/_next/static/chunks/0484_next_dist_0_l-60x._.js:776
[  671786ms] [LOG] [Fast Refresh] done in 55ms @ http://localhost:3000/_next/static/chunks/0484_next_dist_0_l-60x._.js:776
[  673681ms] [LOG] [Fast Refresh] done in 55ms @ http://localhost:3000/_next/static/chunks/0484_next_dist_0_l-60x._.js:776
[  675681ms] [LOG] [Fast Refresh] done in 55ms @ http://localhost:3000/_next/static/chunks/0484_next_dist_0_l-60x._.js:776
[  677683ms] [LOG] [Fast Refresh] done in 55ms @ http://localhost:3000/_next/static/chunks/0484_next_dist_0_l-60x._.js:776
[  679677ms] [LOG] [Fast Refresh] done in 55ms @ http://localhost:3000/_next/static/chunks/0484_next_dist_0_l-60x._.js:776
[  681675ms] [LOG] [Fast Refresh] done in 55ms @ http://localhost:3000/_next/static/chunks/0484_next_dist_0_l-60x._.js:776
[  683676ms] [LOG] [Fast Refresh] done in 55ms @ http://localhost:3000/_next/static/chunks/0484_next_dist_0_l-60x._.js:776
[  685676ms] [LOG] [Fast Refresh] done in 55ms @ http://localhost:3000/_next/static/chunks/0484_next_dist_0_l-60x._.js:776
[  687678ms] [LOG] [Fast Refresh] done in 55ms @ http://localhost:3000/_next/static/chunks/0484_next_dist_0_l-60x._.js:776
[  689676ms] [LOG] [Fast Refresh] done in 55ms @ http://localhost:3000/_next/static/chunks/0484_next_dist_0_l-60x._.js:776
[  691676ms] [LOG] [Fast Refresh] done in 55ms @ http://localhost:3000/_next/static/chunks/0484_next_dist_0_l-60x._.js:776
[  693674ms] [LOG] [Fast Refresh] done in 55ms @ http://localhost:3000/_next/static/chunks/0484_next_dist_0_l-60x._.js:776
[  695678ms] [LOG] [Fast Refresh] done in 55ms @ http://localhost:3000/_next/static/chunks/0484_next_dist_0_l-60x._.js:776
[  697675ms] [LOG] [Fast Refresh] done in 55ms @ http://localhost:3000/_next/static/chunks/0484_next_dist_0_l-60x._.js:776
[  699674ms] [LOG] [Fast Refresh] done in 55ms @ http://localhost:3000/_next/static/chunks/0484_next_dist_0_l-60x._.js:776
[  701673ms] [LOG] [Fast Refresh] done in 55ms @ http://localhost:3000/_next/static/chunks/0484_next_dist_0_l-60x._.js:776
[  703677ms] [LOG] [Fast Refresh] done in 55ms @ http://localhost:3000/_next/static/chunks/0484_next_dist_0_l-60x._.js:776
[  705674ms] [LOG] [Fast Refresh] done in 55ms @ http://localhost:3000/_next/static/chunks/0484_next_dist_0_l-60x._.js:776
[  707674ms] [LOG] [Fast Refresh] done in 55ms @ http://localhost:3000/_next/static/chunks/0484_next_dist_0_l-60x._.js:776
[  709673ms] [LOG] [Fast Refresh] done in 55ms @ http://localhost:3000/_next/static/chunks/0484_next_dist_0_l-60x._.js:776
[  711675ms] [LOG] [Fast Refresh] done in 55ms @ http://localhost:3000/_next/static/chunks/0484_next_dist_0_l-60x._.js:776
[  713674ms] [LOG] [Fast Refresh] done in 55ms @ http://localhost:3000/_next/static/chunks/0484_next_dist_0_l-60x._.js:776
[  715676ms] [LOG] [Fast Refresh] done in 55ms @ http://localhost:3000/_next/static/chunks/0484_next_dist_0_l-60x._.js:776
[  717674ms] [LOG] [Fast Refresh] done in 55ms @ http://localhost:3000/_next/static/chunks/0484_next_dist_0_l-60x._.js:776
[  719675ms] [LOG] [Fast Refresh] done in 55ms @ http://localhost:3000/_next/static/chunks/0484_next_dist_0_l-60x._.js:776
[  721675ms] [LOG] [Fast Refresh] done in 55ms @ http://localhost:3000/_next/static/chunks/0484_next_dist_0_l-60x._.js:776
[  723674ms] [LOG] [Fast Refresh] done in 55ms @ http://localhost:3000/_next/static/chunks/0484_next_dist_0_l-60x._.js:776
[  725673ms] [LOG] [Fast Refresh] done in 55ms @ http://localhost:3000/_next/static/chunks/0484_next_dist_0_l-60x._.js:776
[  727675ms] [LOG] [Fast Refresh] done in 55ms @ http://localhost:3000/_next/static/chunks/0484_next_dist_0_l-60x._.js:776
[  729674ms] [LOG] [Fast Refresh] done in 55ms @ http://localhost:3000/_next/static/chunks/0484_next_dist_0_l-60x._.js:776
[  731675ms] [LOG] [Fast Refresh] done in 55ms @ http://localhost:3000/_next/static/chunks/0484_next_dist_0_l-60x._.js:776
[  733676ms] [LOG] [Fast Refresh] done in 55ms @ http://localhost:3000/_next/static/chunks/0484_next_dist_0_l-60x._.js:776
[  735673ms] [LOG] [Fast Refresh] done in 55ms @ http://localhost:3000/_next/static/chunks/0484_next_dist_0_l-60x._.js:776
[  737676ms] [LOG] [Fast Refresh] done in 55ms @ http://localhost:3000/_next/static/chunks/0484_next_dist_0_l-60x._.js:776
[  739676ms] [LOG] [Fast Refresh] done in 55ms @ http://localhost:3000/_next/static/chunks/0484_next_dist_0_l-60x._.js:776
[  741673ms] [LOG] [Fast Refresh] done in 55ms @ http://localhost:3000/_next/static/chunks/0484_next_dist_0_l-60x._.js:776
[  743678ms] [LOG] [Fast Refresh] done in 55ms @ http://localhost:3000/_next/static/chunks/0484_next_dist_0_l-60x._.js:776
[  745675ms] [LOG] [Fast Refresh] done in 55ms @ http://localhost:3000/_next/static/chunks/0484_next_dist_0_l-60x._.js:776
[  747673ms] [LOG] [Fast Refresh] done in 55ms @ http://localhost:3000/_next/static/chunks/0484_next_dist_0_l-60x._.js:776
[  749676ms] [LOG] [Fast Refresh] done in 55ms @ http://localhost:3000/_next/static/chunks/0484_next_dist_0_l-60x._.js:776
[  751675ms] [LOG] [Fast Refresh] done in 55ms @ http://localhost:3000/_next/static/chunks/0484_next_dist_0_l-60x._.js:776
[  753673ms] [LOG] [Fast Refresh] done in 55ms @ http://localhost:3000/_next/static/chunks/0484_next_dist_0_l-60x._.js:776
[  755674ms] [LOG] [Fast Refresh] done in 55ms @ http://localhost:3000/_next/static/chunks/0484_next_dist_0_l-60x._.js:776
[  757676ms] [LOG] [Fast Refresh] done in 55ms @ http://localhost:3000/_next/static/chunks/0484_next_dist_0_l-60x._.js:776
[  759680ms] [LOG] [Fast Refresh] done in 55ms @ http://localhost:3000/_next/static/chunks/0484_next_dist_0_l-60x._.js:776
[  761673ms] [LOG] [Fast Refresh] done in 55ms @ http://localhost:3000/_next/static/chunks/0484_next_dist_0_l-60x._.js:776
[  763688ms] [LOG] [Fast Refresh] done in 55ms @ http://localhost:3000/_next/static/chunks/0484_next_dist_0_l-60x._.js:776
[  765674ms] [LOG] [Fast Refresh] done in 55ms @ http://localhost:3000/_next/static/chunks/0484_next_dist_0_l-60x._.js:776
[  767674ms] [LOG] [Fast Refresh] done in 55ms @ http://localhost:3000/_next/static/chunks/0484_next_dist_0_l-60x._.js:776
[  769676ms] [LOG] [Fast Refresh] done in 55ms @ http://localhost:3000/_next/static/chunks/0484_next_dist_0_l-60x._.js:776
[  771673ms] [LOG] [Fast Refresh] done in 55ms @ http://localhost:3000/_next/static/chunks/0484_next_dist_0_l-60x._.js:776
[  773673ms] [LOG] [Fast Refresh] done in 55ms @ http://localhost:3000/_next/static/chunks/0484_next_dist_0_l-60x._.js:776
[  775675ms] [LOG] [Fast Refresh] done in 55ms @ http://localhost:3000/_next/static/chunks/0484_next_dist_0_l-60x._.js:776
[  777673ms] [LOG] [Fast Refresh] done in 55ms @ http://localhost:3000/_next/static/chunks/0484_next_dist_0_l-60x._.js:776
[  779674ms] [LOG] [Fast Refresh] done in 55ms @ http://localhost:3000/_next/static/chunks/0484_next_dist_0_l-60x._.js:776
[  781673ms] [LOG] [Fast Refresh] done in 55ms @ http://localhost:3000/_next/static/chunks/0484_next_dist_0_l-60x._.js:776
[  783673ms] [LOG] [Fast Refresh] done in 55ms @ http://localhost:3000/_next/static/chunks/0484_next_dist_0_l-60x._.js:776
[  785923ms] [LOG] [HMR] connected @ http://localhost:3000/_next/static/chunks/0484_next_dist_0_l-60x._.js:776
[  785979ms] [LOG] [Fast Refresh] done in 55ms @ http://localhost:3000/_next/static/chunks/0484_next_dist_0_l-60x._.js:776
[  787260ms] [LOG] [Fast Refresh] done in 55ms @ http://localhost:3000/_next/static/chunks/0484_next_dist_0_l-60x._.js:776
[  787536ms] [LOG] [Fast Refresh] done in 55ms @ http://localhost:3000/_next/static/chunks/0484_next_dist_0_l-60x._.js:776
[  787580ms] [LOG] [Fast Refresh] done in 55ms @ http://localhost:3000/_next/static/chunks/0484_next_dist_0_l-60x._.js:776
[  787689ms] [LOG] [Fast Refresh] done in 55ms @ http://localhost:3000/_next/static/chunks/0484_next_dist_0_l-60x._.js:776
